app/lib/firebase-admin.ts(64,26): error TS2454: Variable 'app' is used before being assigned.
app/lib/firebase-admin.ts(65,24): error TS2454: Variable 'app' is used before being assigned.
